scripts/generate-sitemap.ts(35,36): error TS7006: Parameter 'p' implicitly has an 'any' type.
scripts/generate-sitemap.ts(50,37): error TS7006: Parameter 's' implicitly has an 'any' type.
scripts/generate-sitemap.ts(56,9): error TS18046: 'error' is of type 'unknown'.
scripts/generate-sitemap.ts(70,9): error TS18046: 'error' is of type 'unknown'.
src/features/admin/components/categories-page.tsx(142,8): error TS2739: Type 'ProductCategory' is missing the following properties from type 'Category': icon, productCount, status
src/features/admin/components/categories-page.tsx(174,6): error TS2322: Type 'ProductCategory | null' is not assignable to type 'Partial<{ name: string; description: string; icon: string; }> | undefined'.
  Type 'null' is not assignable to type 'Partial<{ name: string; description: string; icon: string; }> | undefined'.
src/features/admin/components/settings/security-cards.tsx(200,9): error TS2322: Type 'unknown' is not assignable to type 'string | number | readonly string[] | undefined'.
src/features/admin/components/supplier-profile.tsx(76,9): error TS2820: Type '"/admin/suppliers/$supplierId/products/new"' is not assignable to type '"/about" | "/products" | "/suppliers" | "/categories" | "/auctions" | "/help" | "/auth/signin" | "/auth/signup" | "/" | "/auth/verify-email" | "/profile" | "/messages" | "/wishlist" | ... 30 more ... | "/admin/suppliers/$supplierId/product/$productId"'. Did you mean '"/admin/suppliers/$supplierId/edit"'?
src/features/admin/components/supplier-profile.tsx(77,19): error TS2353: Object literal may only specify known properties, and 'supplierId' does not exist in type 'ParamsReducerFn<RouterCore<Route<Register, any, "/", "/", string, "__root__", undefined, {}, {}, AnyContext, AnyContext, {}, undefined, RootRouteChildren, FileRouteTypes, unknown, unknown, undefined>, "never", false, RouterHistory, Record<...>>, "PATH", string, "/admin/suppliers/$supplierId/products/new">'.
src/features/admin/components/supplier-profile.tsx(88,9): error TS2820: Type '"/admin/suppliers/$supplierId/services/new"' is not assignable to type '"/about" | "/products" | "/suppliers" | "/categories" | "/auctions" | "/help" | "/auth/signin" | "/auth/signup" | "/" | "/auth/verify-email" | "/profile" | "/messages" | "/wishlist" | ... 30 more ... | "/admin/suppliers/$supplierId/product/$productId"'. Did you mean '"/admin/suppliers/$supplierId/edit"'?
src/features/admin/components/supplier-profile.tsx(89,19): error TS2353: Object literal may only specify known properties, and 'supplierId' does not exist in type 'ParamsReducerFn<RouterCore<Route<Register, any, "/", "/", string, "__root__", undefined, {}, {}, AnyContext, AnyContext, {}, undefined, RootRouteChildren, FileRouteTypes, unknown, unknown, undefined>, "never", false, RouterHistory, Record<...>>, "PATH", string, "/admin/suppliers/$supplierId/services/new">'.
src/features/auctions/components/auctions-grid.tsx(87,17): error TS18048: 'filters.page' is possibly 'undefined'.
src/features/auctions/components/auctions-grid.tsx(88,43): error TS18048: 'filters.page' is possibly 'undefined'.
src/features/auctions/components/auctions-grid.tsx(99,17): error TS18048: 'filters.page' is possibly 'undefined'.
src/features/auctions/components/auctions-grid.tsx(100,43): error TS18048: 'filters.page' is possibly 'undefined'.
src/features/forms/components/supplier-provision/agent-step.tsx(15,3): error TS2344: Type 'unknown' does not satisfy the constraint 'FormValidateOrFn<{ companyName: string; industry: string; registrationId: string; location: string; district: string; sectorAddress: string; fullName: string; email: string; phoneNumber: string; position: string; nationalId: string; }> | undefined'.
src/features/forms/components/supplier-provision/agent-step.tsx(43,11): error TS2339: Property 'Field' does not exist on type 'FormApi<{ companyName: string; industry: string; registrationId: string; location: string; district: string; sectorAddress: string; fullName: string; email: string; phoneNumber: string; position: string; nationalId: string; }, ... 10 more ..., never>'.
src/features/forms/components/supplier-provision/agent-step.tsx(44,8): error TS7006: Parameter 'field' implicitly has an 'any' type.
src/features/forms/components/supplier-provision/agent-step.tsx(62,12): error TS2339: Property 'Field' does not exist on type 'FormApi<{ companyName: string; industry: string; registrationId: string; location: string; district: string; sectorAddress: string; fullName: string; email: string; phoneNumber: string; position: string; nationalId: string; }, ... 10 more ..., never>'.
src/features/forms/components/supplier-provision/agent-step.tsx(64,11): error TS2339: Property 'Field' does not exist on type 'FormApi<{ companyName: string; industry: string; registrationId: string; location: string; district: string; sectorAddress: string; fullName: string; email: string; phoneNumber: string; position: string; nationalId: string; }, ... 10 more ..., never>'.
src/features/forms/components/supplier-provision/agent-step.tsx(65,8): error TS7006: Parameter 'field' implicitly has an 'any' type.
src/features/forms/components/supplier-provision/agent-step.tsx(84,12): error TS2339: Property 'Field' does not exist on type 'FormApi<{ companyName: string; industry: string; registrationId: string; location: string; district: string; sectorAddress: string; fullName: string; email: string; phoneNumber: string; position: string; nationalId: string; }, ... 10 more ..., never>'.
src/features/forms/components/supplier-provision/agent-step.tsx(86,11): error TS2339: Property 'Field' does not exist on type 'FormApi<{ companyName: string; industry: string; registrationId: string; location: string; district: string; sectorAddress: string; fullName: string; email: string; phoneNumber: string; position: string; nationalId: string; }, ... 10 more ..., never>'.
src/features/forms/components/supplier-provision/agent-step.tsx(101,17): error TS7006: Parameter 'field' implicitly has an 'any' type.
src/features/forms/components/supplier-provision/agent-step.tsx(129,11): error TS2339: Property 'Field' does not exist on type 'FormApi<{ companyName: string; industry: string; registrationId: string; location: string; district: string; sectorAddress: string; fullName: string; email: string; phoneNumber: string; position: string; nationalId: string; }, ... 10 more ..., never>'.
src/features/forms/components/supplier-provision/agent-step.tsx(130,8): error TS7006: Parameter 'field' implicitly has an 'any' type.
src/features/forms/components/supplier-provision/agent-step.tsx(148,12): error TS2339: Property 'Field' does not exist on type 'FormApi<{ companyName: string; industry: string; registrationId: string; location: string; district: string; sectorAddress: string; fullName: string; email: string; phoneNumber: string; position: string; nationalId: string; }, ... 10 more ..., never>'.
src/features/forms/components/supplier-provision/agent-step.tsx(150,11): error TS2339: Property 'Field' does not exist on type 'FormApi<{ companyName: string; industry: string; registrationId: string; location: string; district: string; sectorAddress: string; fullName: string; email: string; phoneNumber: string; position: string; nationalId: string; }, ... 10 more ..., never>'.
src/features/forms/components/supplier-provision/agent-step.tsx(151,8): error TS7006: Parameter 'field' implicitly has an 'any' type.
src/features/forms/components/supplier-provision/agent-step.tsx(168,12): error TS2339: Property 'Field' does not exist on type 'FormApi<{ companyName: string; industry: string; registrationId: string; location: string; district: string; sectorAddress: string; fullName: string; email: string; phoneNumber: string; position: string; nationalId: string; }, ... 10 more ..., never>'.
src/features/forms/components/supplier-provision/identity-step.tsx(13,3): error TS2344: Type 'unknown' does not satisfy the constraint 'FormValidateOrFn<{ companyName: string; industry: string; registrationId: string; location: string; district: string; sectorAddress: string; fullName: string; email: string; phoneNumber: string; position: string; nationalId: string; }> | undefined'.
src/features/forms/components/supplier-provision/identity-step.tsx(57,15): error TS2339: Property 'Field' does not exist on type 'FormApi<{ companyName: string; industry: string; registrationId: string; location: string; district: string; sectorAddress: string; fullName: string; email: string; phoneNumber: string; position: string; nationalId: string; }, ... 10 more ..., never>'.
src/features/forms/components/supplier-provision/identity-step.tsx(72,22): error TS7006: Parameter 'field' implicitly has an 'any' type.
src/features/forms/components/supplier-provision/identity-step.tsx(98,15): error TS2339: Property 'Field' does not exist on type 'FormApi<{ companyName: string; industry: string; registrationId: string; location: string; district: string; sectorAddress: string; fullName: string; email: string; phoneNumber: string; position: string; nationalId: string; }, ... 10 more ..., never>'.
src/features/forms/components/supplier-provision/identity-step.tsx(100,22): error TS7006: Parameter 'field' implicitly has an 'any' type.
src/features/forms/components/supplier-provision/identity-step.tsx(125,15): error TS2339: Property 'Field' does not exist on type 'FormApi<{ companyName: string; industry: string; registrationId: string; location: string; district: string; sectorAddress: string; fullName: string; email: string; phoneNumber: string; position: string; nationalId: string; }, ... 10 more ..., never>'.
src/features/forms/components/supplier-provision/identity-step.tsx(127,22): error TS7006: Parameter 'field' implicitly has an 'any' type.
src/features/forms/components/supplier-provision/identity-step.tsx(146,15): error TS2339: Property 'Field' does not exist on type 'FormApi<{ companyName: string; industry: string; registrationId: string; location: string; district: string; sectorAddress: string; fullName: string; email: string; phoneNumber: string; position: string; nationalId: string; }, ... 10 more ..., never>'.
src/features/forms/components/supplier-provision/identity-step.tsx(148,22): error TS7006: Parameter 'field' implicitly has an 'any' type.
src/features/forms/components/supplier-provision/identity-step.tsx(173,15): error TS2339: Property 'Field' does not exist on type 'FormApi<{ companyName: string; industry: string; registrationId: string; location: string; district: string; sectorAddress: string; fullName: string; email: string; phoneNumber: string; position: string; nationalId: string; }, ... 10 more ..., never>'.
src/features/forms/components/supplier-provision/identity-step.tsx(175,22): error TS7006: Parameter 'field' implicitly has an 'any' type.
src/features/forms/components/supplier-provision/identity-step.tsx(194,15): error TS2339: Property 'Field' does not exist on type 'FormApi<{ companyName: string; industry: string; registrationId: string; location: string; district: string; sectorAddress: string; fullName: string; email: string; phoneNumber: string; position: string; nationalId: string; }, ... 10 more ..., never>'.
src/features/forms/components/supplier-provision/identity-step.tsx(196,22): error TS7006: Parameter 'field' implicitly has an 'any' type.
src/features/forms/components/supplier-provision/review-step.tsx(10,3): error TS2344: Type 'unknown' does not satisfy the constraint 'FormValidateOrFn<{ companyName: string; industry: string; registrationId: string; location: string; district: string; sectorAddress: string; fullName: string; email: string; phoneNumber: string; position: string; nationalId: string; }> | undefined'.
src/features/home/components/hot-deals.tsx(106,51): error TS2353: Object literal may only specify known properties, and 'sort' does not exist in type '{ category?: string | undefined; categoryId?: string | undefined; companyId?: string | undefined; district?: string | undefined; minPrice?: number | undefined; maxPrice?: number | undefined; ... 8 more ...; page?: number | undefined; } | ParamsReducerFn<...>'.
src/features/home/components/product-carousel.tsx(52,17): error TS2322: Type 'Product' is not assignable to type 'MarketplaceItem'.
  Type 'Product' is not assignable to type 'Product & { itemType: "PRODUCT"; }'.
    Property 'itemType' is missing in type 'Product' but required in type '{ itemType: "PRODUCT"; }'.
src/features/home/components/product-showcase.tsx(65,17): error TS2322: Type 'Product' is not assignable to type 'MarketplaceItem'.
  Type 'Product' is not assignable to type 'Product & { itemType: "PRODUCT"; }'.
    Property 'itemType' is missing in type 'Product' but required in type '{ itemType: "PRODUCT"; }'.
src/features/marketplace/__tests__/product-card.test.tsx(29,9): error TS2322: Type '{ id: string; name: string; price: number; category: { name: string; }; company: { name: string; }; images: string[]; }' is not assignable to type 'MarketplaceItem'.
  Type '{ id: string; name: string; price: number; category: { name: string; }; company: { name: string; }; images: string[]; }' is not assignable to type 'Service & { itemType: "SERVICE"; }'.
    Type '{ id: string; name: string; price: number; category: { name: string; }; company: { name: string; }; images: string[]; }' is missing the following properties from type 'Service': priceType, isActive
src/features/marketplace/__tests__/product-card.test.tsx(46,20): error TS2322: Type '{ id: string; name: string; price: number; category: { name: string; }; company: { name: string; }; images: string[]; }' is not assignable to type 'MarketplaceItem'.
  Type '{ id: string; name: string; price: number; category: { name: string; }; company: { name: string; }; images: string[]; }' is not assignable to type 'Service & { itemType: "SERVICE"; }'.
    Type '{ id: string; name: string; price: number; category: { name: string; }; company: { name: string; }; images: string[]; }' is missing the following properties from type 'Service': priceType, isActive
src/features/marketplace/components/marketplace-page.tsx(20,11): error TS2322: Type '`/services/${string}`' is not assignable to type '"/about" | "/products" | "/suppliers" | "/categories" | "/auctions" | "/help" | "/auth/signin" | "/auth/signup" | "/" | "/auth/verify-email" | "/profile" | "/messages" | "/wishlist" | ... 30 more ... | "/admin/suppliers/$supplierId/product/$productId"'.
src/features/marketplace/components/marketplace-page.tsx(26,9): error TS2322: Type '`/products/${string}`' is not assignable to type '"/about" | "/products" | "/suppliers" | "/categories" | "/auctions" | "/help" | "/auth/signin" | "/auth/signup" | "/" | "/auth/verify-email" | "/profile" | "/messages" | "/wishlist" | ... 30 more ... | "/admin/suppliers/$supplierId/product/$productId"'.
src/features/marketplace/components/marketplace-page.tsx(35,9): error TS2322: Type '`/suppliers/${string}`' is not assignable to type '"/about" | "/products" | "/suppliers" | "/categories" | "/auctions" | "/help" | "/auth/signin" | "/auth/signup" | "/" | "/auth/verify-email" | "/profile" | "/messages" | "/wishlist" | ... 30 more ... | "/admin/suppliers/$supplierId/product/$productId"'.
src/features/marketplace/components/product-details-page.tsx(14,20): error TS2322: Type '`/suppliers/${string}`' is not assignable to type '"/about" | "/products" | "/suppliers" | "/categories" | "/auctions" | "/help" | "/auth/signin" | "/auth/signup" | "/" | "/auth/verify-email" | "/profile" | "/messages" | "/wishlist" | ... 30 more ... | "/admin/suppliers/$supplierId/product/$productId"'.
src/features/marketplace/components/product-listing-view.tsx(24,22): error TS7006: Parameter 'e' implicitly has an 'any' type.
src/features/marketplace/components/product-listing-view.tsx(25,21): error TS7006: Parameter 'e' implicitly has an 'any' type.
src/features/marketplace/components/product-view.tsx(70,25): error TS2339: Property 'sku' does not exist on type 'Product'.
src/features/marketplace/components/service-listing-view.tsx(24,22): error TS7006: Parameter 'e' implicitly has an 'any' type.
src/features/marketplace/components/service-listing-view.tsx(25,21): error TS7006: Parameter 'e' implicitly has an 'any' type.
src/features/marketplace/components/service/service-tabs-content.tsx(16,23): error TS7006: Parameter 'type' implicitly has an 'any' type.
src/features/marketplace/components/wishlist-page.tsx(11,31): error TS7006: Parameter 'item' implicitly has an 'any' type.
src/features/marketplace/components/wishlist.tsx(266,21): error TS2322: Type 'WishlistItem' is not assignable to type 'Service'.
  Type 'Auction & { type: "auction"; itemType: "AUCTION"; }' is missing the following properties from type 'Service': name, priceType, isActive, category
src/features/marketplace/components/wishlist.tsx(316,31): error TS2339: Property 'logoUrl' does not exist on type 'WishlistItem'.
  Property 'logoUrl' does not exist on type 'Product & { type: "product"; itemType: "PRODUCT"; }'.
src/features/marketplace/components/wishlist.tsx(318,39): error TS2339: Property 'logoUrl' does not exist on type 'WishlistItem'.
  Property 'logoUrl' does not exist on type 'Product & { type: "product"; itemType: "PRODUCT"; }'.
src/features/marketplace/components/wishlist.tsx(319,39): error TS2339: Property 'name' does not exist on type 'WishlistItem'.
  Property 'name' does not exist on type 'Auction & { type: "auction"; itemType: "AUCTION"; }'.
src/features/marketplace/components/wishlist.tsx(332,35): error TS2339: Property 'name' does not exist on type 'WishlistItem'.
  Property 'name' does not exist on type 'Auction & { type: "auction"; itemType: "AUCTION"; }'.
src/features/marketplace/components/wishlist.tsx(334,33): error TS2339: Property 'businessType' does not exist on type 'WishlistItem'.
  Property 'businessType' does not exist on type 'Product & { type: "product"; itemType: "PRODUCT"; }'.
src/features/marketplace/components/wishlist.tsx(336,37): error TS2339: Property 'businessType' does not exist on type 'WishlistItem'.
  Property 'businessType' does not exist on type 'Product & { type: "product"; itemType: "PRODUCT"; }'.
src/features/marketplace/components/wishlist.tsx(341,29): error TS2339: Property 'district' does not exist on type 'WishlistItem'.
  Property 'district' does not exist on type 'Product & { type: "product"; itemType: "PRODUCT"; }'.
src/features/marketplace/components/wishlist.tsx(343,33): error TS2339: Property 'district' does not exist on type 'WishlistItem'.
  Property 'district' does not exist on type 'Product & { type: "product"; itemType: "PRODUCT"; }'.
src/features/supplier/components/analytics/category-performance-card.tsx(4,15): error TS2304: Cannot find name 'Category'.
src/features/supplier/components/analytics/list-cards.tsx(5,13): error TS2304: Cannot find name 'Product'.
src/features/supplier/components/analytics/list-cards.tsx(80,15): error TS2304: Cannot find name 'Activity'.
src/features/supplier/components/analytics/performance-trends-card.tsx(7,14): error TS2304: Cannot find name 'dar'.
src/features/supplier/components/analytics/performance-trends-card.tsx(34,50): error TS2345: Argument of type 'string' is not assignable to parameter of type '"inquiries" | "views" | "conversion"'.
src/features/supplier/components/onboarding-page.tsx(18,38): error TS7006: Parameter 'values' implicitly has an 'any' type.
src/features/supplier/components/profile-settings.tsx(14,3): error TS7008: Member 'supplierData' implicitly has an 'any' type.
src/features/supplier/components/settings/profile-info-section.tsx(13,14): error TS7006: Parameter 'data' implicitly has an 'any' type.
src/features/supplier/components/supplier-dashboard.tsx(19,3): error TS7008: Member 'supplierData' implicitly has an 'any' type.
src/services/api/api-entry.ts(46,3): error TS2322: Type '(action: UnknownAction, { reducerPath }: { reducerPath: "api"; }) => unknown' is not assignable to type '(action: UnknownAction, { reducerPath, }: { reducerPath: "api"; }) => CombinedState<{}, "Users" | "Categories" | "Products" | "Services" | "Suppliers" | "Customers" | "Orders" | "Dashboard" | ... 5 more ... | "Auctions", "api"> | undefined'.
  Type 'unknown' is not assignable to type 'CombinedState<{}, "Users" | "Categories" | "Products" | "Services" | "Suppliers" | "Customers" | "Orders" | "Dashboard" | "Session" | "Wishlist" | "Messages" | "Stats" | "Reviews" | "Auctions", "api"> | undefined'.
